warn: The se.py script is deprecated. It will be removed in future releases of  gem5.
warn: Base 10 memory/cache size 16GB will be cast to base 2 size 16GiB.
warn: Base 10 memory/cache size 512kB will be cast to base 2 size 512KiB.
warn: Base 10 memory/cache size 4MB will be cast to base 2 size 4MiB.
warn: Base 10 memory/cache size 64kB will be cast to base 2 size 64KiB.
warn: Base 10 memory/cache size 512kB will be cast to base 2 size 512KiB.
warn: Base 10 memory/cache size 512kB will be cast to base 2 size 512KiB.
Global frequency set at 1000000000000 ticks per second
warn: No dot file generated. Please install pydot to generate the dot file and pdf.
src/mem/dram_interface.cc:690: warn: DRAM device capacity (16384 Mbytes) does not match the address range assigned (8192 Mbytes)
src/mem/dram_interface.cc:690: warn: DRAM device capacity (16384 Mbytes) does not match the address range assigned (8192 Mbytes)
src/base/statistics.hh:279: warn: One of the stats is a legacy stat. Legacy stat is a stat that does not belong to any statistics::Group. Legacy stat is deprecated.
src/base/remote_gdb.cc:418: warn: Sockets disabled, not accepting gdb connections
gem5 Simulator System.  https://www.gem5.org
gem5 is copyrighted software; use the --copyright option for details.

gem5 version 24.1.0.3
gem5 compiled Jul 24 2026 07:08:21
gem5 started Jul 24 2026 09:34:58
gem5 executing on anonymous-host, pid 3091226
command line: /artifact/cacheflex/gem5/build/ARM/gem5.opt --outdir=/artifact/cacheflex/experiments/capacity_motivation/results/reference/results_fig2_n2048_headh0/fused_vl8_l1512k4w_ld2st1_kc768_mc256 /artifact/cacheflex/gem5/configs/deprecated/example/se.py --cpu-type=DerivO3CPU --sys-clock=1.5GHz --cpu-clock=2.5GHz --caches --l2cache --l3cache --l1i_size=64kB --l1i_assoc=4 --l2_size=512kB --l2_assoc=8 --l3_size=4MB --l3_assoc=16 --cacheline_size=64 --mem-size=16GB --mem-channels=2 --mem-type=DDR4_2400_8x8 --l1i-hwp-type=StridePrefetcher --l1d-hwp-type=StridePrefetcher --l2-hwp-type=AMPMPrefetcher --l3-hwp-type=BOPPrefetcher -P 'system.cpu[0].icache.prefetcher.degree=4' -P 'system.cpu[0].dcache.prefetcher.degree=4' -P 'system.cpu[0].icache.tag_latency=2' -P 'system.cpu[0].icache.data_latency=2' -P 'system.cpu[0].fetchWidth=5' -P 'system.cpu[0].decodeWidth=5' -P 'system.cpu[0].commitWidth=5' -P 'system.cpu[0].renameWidth=5' -P 'system.cpu[0].dispatchWidth=8' -P 'system.cpu[0].issueWidth=8' -P 'system.cpu[0].wbWidth=8' -P 'system.cpu[0].numROBEntries=128' -P 'system.cpu[0].numIQEntries=80' -P 'system.cpu[0].LQEntries=32' -P 'system.cpu[0].SQEntries=48' -P 'system.cpu[0].numPhysIntRegs=128' -P 'system.cpu[0].numPhysFloatRegs=192' -P 'system.cpu[0].numPhysVecRegs=192' -P 'system.cpu[0].numPhysVecPredRegs=64' -P 'system.cpu[0].fuPool.FUList[0].count=2' -P 'system.cpu[0].fuPool.FUList[2].count=2' -P 'system.cpu[0].fuPool.FUList[5].count=2' -P system.tol2bus.frontend_latency=1 -P system.tol2bus.header_latency=0 -P system.tol2bus.forward_latency=1 -P system.tol2bus.response_latency=1 -P system.tol2bus.width=64 -P system.l2.tag_latency=8 -P system.l2.data_latency=8 -P system.l2.response_latency=8 -P system.tol3bus.width=32 -P system.tol3bus.frontend_latency=10 -P system.tol3bus.forward_latency=10 -P system.tol3bus.response_latency=10 -P system.l3.tag_latency=35 -P system.l3.data_latency=35 -P system.l3.response_latency=35 --l1d_size=512kB --l1d_assoc=4 -P 'system.cpu[0].cacheLoadPorts=2' -P 'system.cpu[0].cacheStorePorts=1' -P 'system.cpu[0].fuPool.FUList[7].count=2' -P 'system.cpu[0].fuPool.FUList[9].count=2' -P 'system.cpu[0].isa[0].sve_vl_se=8' -c /artifact/cacheflex/kernels/gemm/cacheflex/bin/v1_fused -o '256 2048 2048 1 768 256'

info: Standard input is not a terminal, disabling listeners.
**** REAL SIMULATION ****
src/sim/simulate.cc:199: info: Entering event queue @ 0.  Starting simulation...
src/arch/arm/insts/pseudo.cc:174: warn: 	instruction 'bti' unimplemented
src/sim/syscall_emul.cc:86: warn: ignoring syscall set_robust_list(...)
src/sim/syscall_emul.cc:97: warn: ignoring syscall rseq(...)
      (further warnings will be suppressed)
src/sim/mem_state.cc:448: info: Increasing stack size by one page.
src/sim/syscall_emul.cc:86: warn: ignoring syscall mprotect(...)
src/arch/arm/insts/pseudo.cc:174: warn: 	instruction 'unallocated_hint' unimplemented
src/sim/syscall_emul.hh:806: warn: Unsupported ioctl call (return ENOTTY): ioctl(1, 0x802c542a, ...) @ 
<bad format>
=== v1_fused ===  M=256 K=2048 N=2048  NT=192
  KC=768  MC=256  (m0-outer, fused scatter, no Cpanel)
  A_mc=384kB  B_tile=288kB(JIT,L1)  C[M×N]=1.0MB
  GFLOP/call=2.1475

--- [ROI] single GEMM ---
  CHECKSUM: 172.567229271
  CHECKSUM_LOGICAL: 172.567229271
  CHECKSUM_LOGICAL_L1: 63180.1502409
  CHECKSUM_LOGICAL_WEIGHTED_L1: 94792.7991554

=== v1_fused ===
  M=256 K=2048 N=2048  KC=768 MC=256  NT=192
  pack_B/SPMCP :    1357.1 us  ( 25.1%)  [33 calls]
  pack_A       :     162.4 us  (  3.0%)  [3 calls]
  kernel+C_rw  :    3883.1 us  ( 71.9%)  (fused scatter)
  total        :    5402.6 us  →  397.49 GFLOPS
Exiting @ tick 30748795600 because exiting with last active thread context
